*** Using Compiler 'V5.06 update 7 (build 960)', folder: 'D:\Keil_MDK\ARM\ARMCC\Bin'
Rebuild target 'USART'
assembling startup_stm32f103xb.s...
compiling v3_protocol.c...
compiling gpio.c...
compiling stm32f1xx_hal_gpio_ex.c...
compiling stm32f1xx_it.c...
compiling dma.c...
compiling adc.c...
compiling uart_link.c...
compiling main.c...
compiling stm32f1xx_hal_msp.c...
compiling usart.c...
compiling stm32f1xx_hal.c...
compiling stm32f1xx_hal_adc.c...
compiling stm32f1xx_hal_adc_ex.c...
compiling stm32f1xx_hal_rcc.c...
compiling OLED_Data.c...
compiling stm32f1xx_hal_rcc_ex.c...
compiling stm32f1xx_hal_gpio.c...
compiling stm32f1xx_hal_cortex.c...
compiling stm32f1xx_hal_dma.c...
compiling stm32f1xx_hal_pwr.c...
compiling stm32f1xx_hal_exti.c...
compiling stm32f1xx_hal_flash_ex.c...
compiling system_stm32f1xx.c...
compiling stm32f1xx_hal_flash.c...
compiling OLED.c...
compiling stm32f1xx_hal_uart.c...
linking...
Program Size: Code=10324 RO-data=2436 RW-data=28 ZI-data=6652  
FromELF: creating hex file...
"USART\USART.axf" - 0 Error(s), 0 Warning(s).
Build Time Elapsed:  00:00:04
